// Jest Snapshot v1, https://goo.gl/fbAQLP

exports[`Title - Component renders title component 1`] = `
<div>
  <h1
    class="ant-typography title css-dev-only-do-not-override-15rg2km"
  >
    Gift a friend this holiday
  </h1>
</div>
`;
