// Jest Snapshot v1, https://goo.gl/fbAQLP

exports[`Title - Component renders title component 1`] = `
<div>
  <h1
    class="ant-typography title css-dev-only-do-not-override-15rg2km"
  >
    <span
      style="color: rgb(253, 211, 101);"
    >
      Gift a friend this holiday
    </span>
  </h1>
</div>
`;
